clock error from the rollout alone:  rho_self = +1.41%   (ground-truth lag growth said -0.48%)
after re-timing, rollout self-rate  = -0.030%   (target 0)

cyc |    L2 raw/cor  L2 aligned raw/cor |  wall RRT raw/cor |  sac RRT raw/cor |  OSI>0.1 RRT raw/cor
  1 |   7.8/  7.0%       7.4/  7.0%  |       6.78/ 6.03% |     10.24/ 9.14% |          6.94/ 6.28%
  2 |  31.2/ 15.3%       8.9/  8.4%  |       8.59/ 7.86% |     13.93/12.84% |          9.40/ 8.78%
  3 |  63.1/ 38.2%       3.9/  3.6%  |       2.30/ 1.56% |      2.30/ 1.28% |          1.17/ 1.14%
  4 |  55.6/ 16.0%      10.6/ 10.2%  |      10.40/ 9.74% |     16.64/15.48% |         11.00/10.27%
  5 |  77.3/ 36.4%       3.3/  3.7%  |       1.88/ 2.50% |      2.62/ 3.53% |          1.91/ 2.59%
  6 |  78.9/ 27.5%       3.7/  2.3%  |       1.56/ 1.45% |      3.77/ 2.89% |          4.11/ 2.90%
  7 |  90.7/ 42.2%      12.5/  6.9%  |       3.76/ 6.26% |      9.37/10.28% |          8.44/ 7.40%
  8 |  96.2/ 62.8%       6.3/  4.4%  |       3.99/ 2.02% |      3.68/ 1.83% |          2.39/ 1.12%
  9 |  99.0/ 41.5%      20.4/  8.5%  |       1.94/ 7.93% |      6.42/12.94% |          7.10/ 8.84%
 10 |  96.2/ 61.6%       6.6/  3.4%  |       4.33/ 1.35% |      5.04/ 1.01% |          2.70/ 1.18%
 11 | 108.5/ 44.0%      21.5/ 10.7%  |       0.85/ 9.73% |      1.75/15.10% |          3.74/10.06%
 12 |  95.6/ 59.4%       6.7/  3.1%  |       5.20/ 0.98% |      6.88/ 0.57% |          3.66/ 1.26%
 13 | 112.3/ 41.9%      18.3/ 10.5%  |       1.70/ 9.41% |      2.63/14.52% |          3.07/ 9.72%
 14 |  96.4/ 55.4%       8.2/  4.3%  |       7.33/ 1.78% |     11.16/ 1.63% |          6.77/ 0.96%
 15 | 111.6/ 34.5%      19.9/  9.1%  |       3.63/ 8.59% |      6.77/13.89% |          7.11/ 9.36%
 16 | 100.8/ 55.0%       2.6/  2.3%  |       1.00/ 0.62% |      0.57/ 1.55% |          1.19/ 2.08%
 17 |  98.0/ 41.7%       8.6/  4.4%  |       7.35/ 2.57% |     12.10/ 2.69% |          8.34/ 1.29%
 18 | 108.6/ 19.6%      15.6/  9.7%  |       0.99/ 9.25% |      2.99/14.82% |          5.84/ 9.89%
 19 | 102.6/ 40.8%       2.6/  3.3%  |       1.81/ 2.42% |      2.78/ 3.74% |          2.30/ 3.18%
 20 | 100.7/ 28.6%       3.2/  3.8%  |       1.69/ 2.82% |      1.73/ 3.32% |          1.06/ 1.81%
 21 | 102.8/ 17.0%       4.2/  1.8%  |       2.03/ 0.61% |      3.63/ 0.50% |          3.74/ 1.42%
 22 | 102.4/ 24.4%       2.4/  2.5%  |       0.87/ 0.63% |      0.34/ 1.57% |          1.66/ 2.05%
 23 | 101.1/  9.5%       6.3/  4.0%  |       5.21/ 2.35% |      8.49/ 2.38% |          6.19/ 1.16%
 24 | 106.5/ 20.1%       7.3/ 10.6%  |       4.62/ 9.95% |      6.08/15.70% |          3.41/10.39%
 25 | 102.0/  7.8%       3.1/  3.7%  |       0.55/ 2.53% |      0.46/ 3.55% |          0.49/ 2.58%
 26 | 101.6/  3.4%       6.0/  2.3%  |       2.56/ 1.50% |      4.58/ 2.95% |          3.75/ 2.94%
 27 | 104.9/ 15.1%       4.5/  7.2%  |       3.08/ 6.55% |      3.81/10.71% |          2.07/ 7.63%
 28 | 102.3/ 39.6%       7.8/  4.2%  |       6.31/ 1.94% |      9.89/ 1.73% |          6.64/ 1.13%
 29 | 105.3/ 14.7%       4.4/  8.5%  |       3.63/ 7.96% |      4.79/12.95% |          2.79/ 8.84%
 30 | 102.7/ 37.7%       9.6/  3.4%  |       6.40/ 1.33% |      9.22/ 0.99% |          5.90/ 1.16%
 31 | 106.1/ 17.6%       5.2/ 10.6%  |       4.73/ 9.66% |      6.48/14.96% |          3.95/ 9.97%
 32 | 101.9/ 34.7%       9.7/  3.4%  |       7.40/ 1.30% |     11.25/ 0.95% |          7.32/ 1.18%
 33 | 107.1/ 13.1%       4.2/ 10.1%  |       1.35/ 9.64% |      2.15/15.36% |          1.88/10.20%
 34 | 103.9/ 32.9%       2.8/  3.6%  |       0.47/ 2.45% |      1.38/ 3.50% |          1.91/ 2.63%
 35 | 103.2/ 23.7%       5.3/  2.0%  |       3.49/ 1.10% |      6.12/ 2.36% |          4.99/ 2.58%
 36 | 104.2/ 37.2%       8.3/  4.8%  |       5.37/ 4.26% |      7.82/ 7.14% |          5.36/ 5.55%
 37 | 105.0/ 58.3%       7.9/  8.6%  |       6.10/ 6.38% |      8.96/ 9.49% |          6.02/ 6.47%
 38 | 102.4/ 46.4%      10.6/  7.6%  |       9.98/ 5.07% |     15.84/ 7.45% |         10.41/ 5.08%
 39 | 106.3/ 28.3%       3.7/ 10.3%  |       0.13/ 9.70% |      0.41/15.33% |          0.68/10.14%
 40 | 104.7/ 48.0%       2.5/  3.5%  |       1.44/ 2.47% |      1.29/ 3.71% |          1.07/ 3.03%

law check, last raw cycle, with offset-removed eps = 2.5%:
       1/R-1 bin  faces  predicted   measured
  [ 0.00, 0.02)  31233      0.01%     -0.01%
  [ 0.02, 0.10)   1797      0.06%      0.17%
  [ 0.10, 0.30)    281      0.14%      0.56%
  [ 0.30, 1.00)     86      0.30%      0.43%
  [ 1.00,10.00)      9      0.57%     -0.09%

mean RRT error over rollout cycles after the transient:
  wall     raw  3.74%  ->  corrected  4.52%
  sac      raw  5.80%  ->  corrected  6.85%
  osi>0.1  raw  4.40%  ->  corrected  4.87%
wrote data/phase_correct_hr.json, analysis/phase_correct_hr.png
