POD: 33406 faces, r=10 modes capture 99.998% of fluctuation energy
compressor floor: field L2 0.253%  wall RRT 0.000%
training mode 'heartrate': beat lengths [34, 36, 38, 42, 44, 46] (test beat = 40), 1968 samples
  epoch     0  one-step MSE 1.32e+00
  epoch   500  one-step MSE 8.47e-04
  epoch  1000  one-step MSE 6.51e-04
  epoch  1500  one-step MSE 4.85e-04
  epoch  2000  one-step MSE 4.36e-04
  epoch  2500  one-step MSE 4.35e-04
  epoch  2999  one-step MSE 4.37e-04
trained in 96 s
one-step RMSE on the unseen beat (teacher-forced): 7.31e-02  <- what a paper would usually report

rollout: 40 cycles. drift estimate  lag-growth rho = -0.48%   Hilbert rho = +1.41%   final-cycle amplitude ratio 0.976
  lag per cycle (samples): [ -0.    -1.03  -2.62  -2.06  -3.83  -3.98  -5.02  -6.41  -6.09  -7.45
  -7.22  -8.35  -8.45  -9.18 -10.58 -10.55 -10.15 -11.68 -11.85 -11.93
 -12.67 -12.61 -12.12 -13.76 -13.96 -14.99 -16.54 -16.03 -17.63 -17.11
 -18.62 -18.06 -19.82 -19.96  19.02  17.8   17.78  17.93  16.2   16.07]

cyc     L2    lag |      wall T/R |       sac T/R |   OSI>0.1 T/R | rho=roll/floor
  1   7.8%  -0.00 |   6.23/ 6.78% |   8.84/10.24% |   3.00/ 6.94% |          678.3
  2  31.2%  -1.03 |   7.72/ 8.59% |  11.59/13.93% |   3.78/ 9.40% |          858.9
  3  63.1%  -2.62 |   2.19/ 2.30% |   1.99/ 2.30% |   1.22/ 1.17% |          230.4
  4  55.6%  -2.06 |   9.16/10.40% |  13.36/16.64% |   4.33/11.00% |         1039.5
  5  77.3%  -3.83 |   1.90/ 1.88% |   2.62/ 2.62% |   0.85/ 1.91% |          188.4
  6  78.9%  -3.98 |   1.50/ 1.56% |   3.54/ 3.77% |   1.50/ 4.11% |          156.0
  7  90.7%  -5.02 |   3.48/ 3.76% |   8.07/ 9.37% |   3.62/ 8.44% |          376.0
  8  96.2%  -6.41 |   3.75/ 3.99% |   3.24/ 3.68% |   1.46/ 2.39% |          398.8
  9  99.0%  -6.09 |   1.76/ 1.94% |   5.38/ 6.42% |   3.79/ 7.10% |          194.0
 10  96.2%  -7.45 |   4.08/ 4.33% |   4.50/ 5.04% |   1.85/ 2.70% |          433.2
 11 108.5%  -7.22 |   0.84/ 0.85% |   1.38/ 1.75% |   5.97/ 3.74% |           85.1
 12  95.6%  -8.35 |   4.88/ 5.20% |   6.11/ 6.88% |   2.29/ 3.66% |          520.4
 13 112.3%  -8.45 |   1.94/ 1.70% |   3.47/ 2.63% |   8.74/ 3.07% |          169.6
 14  96.4%  -9.18 |   6.70/ 7.33% |   9.50/11.16% |   3.26/ 6.77% |          732.9
 15 111.6% -10.58 |   3.93/ 3.63% |   7.95/ 6.77% |   9.74/ 7.11% |          362.7
 16 100.8% -10.55 |   0.97/ 1.00% |   0.54/ 0.57% |   0.47/ 1.19% |           99.6
 17  98.0% -10.15 |   6.71/ 7.35% |  10.33/12.10% |   3.51/ 8.34% |          735.3
 18 108.6% -11.68 |   1.06/ 0.99% |   3.79/ 2.99% |   8.14/ 5.84% |           98.5
 19 102.6% -11.85 |   1.83/ 1.81% |   2.77/ 2.78% |   1.08/ 2.30% |          181.5
 20 100.7% -11.93 |   1.69/ 1.69% |   1.68/ 1.73% |   0.70/ 1.06% |          169.3
 21 102.8% -12.67 |   2.06/ 2.03% |   3.77/ 3.63% |   1.83/ 3.74% |          202.8
 22 102.4% -12.61 |   0.84/ 0.87% |   0.32/ 0.34% |   0.50/ 1.66% |           87.3
 23 101.1% -12.12 |   4.84/ 5.21% |   7.40/ 8.49% |   2.91/ 6.19% |          520.7
 24 106.5% -13.76 |   4.25/ 4.62% |   4.97/ 6.08% |   2.74/ 3.41% |          462.0
 25 102.0% -13.96 |   0.54/ 0.55% |   0.42/ 0.46% |   1.12/ 0.49% |           55.4
 26 101.6% -14.99 |   2.46/ 2.56% |   4.23/ 4.58% |   1.78/ 3.75% |          256.2
 27 104.9% -16.54 |   2.90/ 3.08% |   3.29/ 3.81% |   2.10/ 2.07% |          308.0
 28 102.3% -16.03 |   5.82/ 6.31% |   8.54/ 9.89% |   3.09/ 6.64% |          630.9
 29 105.3% -17.63 |   3.39/ 3.63% |   4.09/ 4.79% |   2.18/ 2.79% |          362.6
 30 102.7% -17.11 |   5.88/ 6.40% |   7.88/ 9.22% |   3.27/ 5.90% |          639.9
 31 106.1% -18.62 |   4.37/ 4.73% |   5.40/ 6.48% |   2.83/ 3.95% |          473.5
 32 101.9% -18.06 |   6.75/ 7.40% |   9.54/11.25% |   3.61/ 7.32% |          740.1
 33 107.1% -19.82 |   1.26/ 1.35% |   1.78/ 2.15% |   2.03/ 1.88% |          134.5
 34 103.9% -19.96 |   0.47/ 0.47% |   1.38/ 1.38% |   1.26/ 1.91% |           47.4
 35 103.2%  19.02 |   3.32/ 3.49% |   5.55/ 6.12% |   2.41/ 4.99% |          349.3
 36 104.2%  17.80 |   4.95/ 5.37% |   6.56/ 7.82% |   3.26/ 5.36% |          537.1
 37 105.0%  17.78 |   5.56/ 6.10% |   7.42/ 8.96% |   3.37/ 6.02% |          610.1
 38 102.4%  17.93 |   8.82/ 9.98% |  12.71/15.84% |   4.30/10.41% |          997.7
 39 106.3%  16.20 |   0.14/ 0.13% |   0.41/ 0.41% |   1.79/ 0.68% |           12.8
 40 104.7%  16.07 |   1.44/ 1.44% |   1.24/ 1.29% |   0.68/ 1.07% |          144.4

law check on the last cycle (median per-face excess RRT error beyond TAWSS):
       1/R-1 bin  faces  predicted   measured
  [ 0.00, 0.02)  31233      0.27%     -0.01%
  [ 0.02, 0.10)   1797      2.50%      0.17%
  [ 0.10, 0.30)    281      5.74%      0.56%
  [ 0.30, 1.00)     86     12.32%      0.43%
  [ 1.00,10.00)      9     23.86%     -0.09%

rho diagnostic: >1 means rollout drift, not the compressor, dominates the RRT error
wrote data/pod_lstm_results_hr.npz, data/pod_lstm_summary_hr.json, analysis/pod_lstm_hr.png
