clock error from the rollout alone:  rho_self = +1.66%   (ground-truth lag growth said +1.98%)
after re-timing, rollout self-rate  = +0.018%   (target 0)

cyc |    L2 raw/cor  L2 aligned raw/cor |  wall RRT raw/cor |  sac RRT raw/cor |  OSI>0.1 RRT raw/cor
  1 |   7.8/  7.0%       7.4/  6.9%  |       6.78/ 5.90% |     10.24/ 8.95% |          6.94/ 6.17%
  2 |  31.2/ 12.8%       8.9/  8.4%  |       8.59/ 7.73% |     13.93/12.65% |          9.40/ 8.67%
  3 |  63.1/ 33.1%       3.9/  3.6%  |       2.30/ 1.44% |      2.30/ 1.11% |          1.17/ 1.17%
  4 |  55.6/ 11.0%      10.6/ 10.2%  |      10.40/ 9.60% |     16.64/15.28% |         11.00/10.16%
  5 |  77.3/ 26.5%       3.3/  3.8%  |       1.88/ 2.62% |      2.62/ 3.69% |          1.91/ 2.71%
  6 |  78.9/ 14.6%       3.7/  2.2%  |       1.56/ 1.33% |      3.77/ 2.70% |          4.11/ 2.79%

law check, last raw cycle, with offset-removed eps = 3.7%:
       1/R-1 bin  faces  predicted   measured
  [ 0.00, 0.02)  31233      0.01%      0.02%
  [ 0.02, 0.10)   1797      0.09%      0.29%
  [ 0.10, 0.30)    281      0.20%      0.58%
  [ 0.30, 1.00)     86      0.44%      2.46%
  [ 1.00,10.00)      9      0.84%      7.00%

mean RRT error over rollout cycles after the transient:
  wall     raw  4.95%  ->  corrected  4.54%
  sac      raw  7.85%  ->  corrected  7.09%
  osi>0.1  raw  5.52%  ->  corrected  5.10%
wrote data/phase_correct_hr.json, analysis/phase_correct_hr.png
